# The exact selected base accessor cannot be represented with the lowered return. The sibling `Tag` is untouched.
'CConcreteProp' derives from 'plainnet.PropBase'
member 'get_Items' declares 'System.Collections.Generic.List<System.Nullable<System.Int32>>' at its return
slot NO Kotlin expression inhabits
